{"timestamp":"2026-03-20T08:21:22.356841Z","level":"info","event":"DAG bundles loaded: dags-folder, example_dags","logger":"airflow.dag_processing.bundles.manager.DagBundlesManager","filename":"manager.py","lineno":179}
{"timestamp":"2026-03-20T08:21:22.357852Z","level":"info","event":"Filling up the DagBag from /opt/airflow/dags/main_taxi_dags.py","logger":"airflow.models.dagbag.BundleDagBag","filename":"dagbag.py","lineno":593}
{"timestamp":"2026-03-20T08:21:22.373946Z","level":"warning","event":"The `airflow.operators.python.PythonOperator` attribute is deprecated. Please use `'airflow.providers.standard.operators.python.PythonOperator'`.","category":"DeprecatedImportWarning","filename":"/opt/airflow/dags/main_taxi_dags.py","lineno":2,"logger":"py.warnings"}
{"timestamp":"2026-03-20T08:21:22.397518Z","level":"info","event":"Task instance is in running state","logger":"task.stdout"}
{"timestamp":"2026-03-20T08:21:22.397932Z","level":"info","event":" Previous state of the Task instance: TaskInstanceState.QUEUED","logger":"task.stdout"}
{"timestamp":"2026-03-20T08:21:22.398093Z","level":"info","event":"Current task name:clean_taxi_data","logger":"task.stdout"}
{"timestamp":"2026-03-20T08:21:22.398226Z","level":"info","event":"Dag name:nyc_taxi_master_pipeline","logger":"task.stdout"}
{"timestamp":"2026-03-20T08:21:22.405954Z","level":"info","event":"Loading raw data from: /opt/airflow/dags/nyc_taxi_raw.csv","logger":"root","filename":"clean_taxi_data.py","lineno":11}
{"timestamp":"2026-03-20T08:21:22.462580Z","level":"info","event":"Initial row count: 10000","logger":"root","filename":"clean_taxi_data.py","lineno":16}
{"timestamp":"2026-03-20T08:21:22.465697Z","level":"info","event":"Step 1: Removed 0 rows with null values.","logger":"root","filename":"clean_taxi_data.py","lineno":23}
{"timestamp":"2026-03-20T08:21:22.468841Z","level":"warning","event":"Could not infer format, so each element will be parsed individually, falling back to `dateutil`. To ensure parsing is consistent and as-expected, please specify a format.","category":"UserWarning","filename":"/opt/airflow/dags/clean_taxi_data.py","lineno":27,"logger":"py.warnings"}
{"timestamp":"2026-03-20T08:21:22.923818Z","level":"info","event":"Step 2: Removed 0 rows due to invalid datetime parsing.","logger":"root","filename":"clean_taxi_data.py","lineno":30}
{"timestamp":"2026-03-20T08:21:22.926550Z","level":"info","event":"Step 3: Removed 11 rows due to invalid fare_amount.","logger":"root","filename":"clean_taxi_data.py","lineno":36}
{"timestamp":"2026-03-20T08:21:22.927917Z","level":"info","event":"Step 4: Removed 62 rows due to invalid trip_distance.","logger":"root","filename":"clean_taxi_data.py","lineno":42}
{"timestamp":"2026-03-20T08:21:22.928063Z","level":"info","event":"Step 5: Removed 0 rows due to invalid coordinates.","logger":"root","filename":"clean_taxi_data.py","lineno":57}
{"timestamp":"2026-03-20T08:21:22.928161Z","level":"info","event":"Cleaning complete. Remaining rows: 9927","logger":"root","filename":"clean_taxi_data.py","lineno":59}
{"timestamp":"2026-03-20T08:21:23.066668Z","level":"info","event":"Saved cleaned data to: /opt/airflow/dags/nyc_taxi_clean.csv","logger":"root","filename":"clean_taxi_data.py","lineno":64}
{"timestamp":"2026-03-20T08:21:23.084834Z","level":"info","event":"Done. Returned value was: /opt/airflow/dags/nyc_taxi_clean.csv","logger":"airflow.task.operators.airflow.providers.standard.operators.python.PythonOperator","filename":"python.py","lineno":230}
{"timestamp":"2026-03-20T08:21:23.085138Z","level":"info","event":"Pushing xcom","ti":"RuntimeTaskInstance(id=UUID('019d0a55-81e6-74de-85ba-446f8782bcc5'), task_id='clean_taxi_data', dag_id='nyc_taxi_master_pipeline', run_id='manual__2026-03-20T08:21:09.011576+00:00', try_number=1, dag_version_id=UUID('019d0a44-4c98-70c1-bf75-9a0b56718d8c'), map_index=-1, hostname='13e747a44cfd', context_carrier={}, task=<Task(PythonOperator): clean_taxi_data>, bundle_instance=LocalDagBundle(name=dags-folder), max_tries=1, start_date=datetime.datetime(2026, 3, 20, 8, 21, 21, 914701, tzinfo=datetime.timezone.utc), end_date=None, state=<TaskInstanceState.RUNNING: 'running'>, is_mapped=False, rendered_map_index=None)","logger":"task","filename":"task_runner.py","lineno":1522}
{"timestamp":"2026-03-20T08:21:23.113261Z","level":"info","event":"Task instance in success state","logger":"task.stdout"}
{"timestamp":"2026-03-20T08:21:23.113436Z","level":"info","event":" Previous state of the Task instance: TaskInstanceState.RUNNING","logger":"task.stdout"}
{"timestamp":"2026-03-20T08:21:23.113561Z","level":"info","event":"Task operator:<Task(PythonOperator): clean_taxi_data>","logger":"task.stdout"}
